---
source: facet-args/src/schema/tests.rs
expression: stripped
---
Error: duplicate flag `--dup`
   ╭─[ <unknown>:4:5 ]
   │
 2 │ struct ConflictingLongFlags {
   │        ──────────┬─────────  
   │                  ╰─────────── defined at facet-args/src/schema/tests.rs:113
   │ 
 4 │     a: bool,
   │     ───┬───  
   │        ╰───── `--dup` first defined here
   │ 
 6 │     b: bool,
   │     ───┬───  
   │        ╰───── defined again here
 7 │ }
   │ ┬  
   │ ╰── end of definition
───╯
