---
source: crates/figue/tests/integration/subcommand_errors.rs
expression: "strip_ansi_escapes :: strip_str(& err.to_string())"
---
main

USAGE:
    main [OPTIONS] <COMMAND>

OPTIONS:
    -h, --[no-]help
            Show help message and exit.
    -V, --[no-]version
            Show version and exit.
        --completions <bash,zsh,fish>
            Generate shell completions.
        --export-jsonschemas <DIR>
            Export JSON Schema files for all config roots.

COMMANDS:
    init
    build
