---
source: crates/figue/tests/integration/subcommand_errors.rs
expression: "strip_ansi_escapes :: strip_str(& err.to_string())"
---
main deploy

USAGE:
    main deploy [OPTIONS] <ENVIRONMENT>

ARGUMENTS:
        <ENVIRONMENT>
            Environment to deploy to

OPTIONS:
        --region <STRING>
            Deployment region (required)
        --version <STRING>
            Optional version tag
