---
source: crates/figue/tests/integration/subcommand_errors.rs
expression: "strip_ansi_escapes :: strip_str(& err.to_string())"
---
main connect

USAGE:
    main connect [OPTIONS]

OPTIONS:
        --url <STRING>
            Server URL (required)
        --timeout <U32>
            Optional timeout


Error: missing required argument
   ╭─[ <usage>:1:9 ]
   │
 1 │ connect --url <url>
   │         ─────┬─────  
   │              ╰─────── Server URL (required)
───╯
