---
source: crates/figue/tests/integration/err.rs
expression: "strip_ansi_escapes :: strip_str(& err.to_string())"
---
Error: could not parse command-line arguments

Sources:
├─ cli --settings.*
└─ defaults

concurrency.. .. ⨯ MISSING

Run with --help for usage information.
Error: flag -j requires a value
   ╭─[ <cli>:1:1 ]
   │
 1 │ -j
   │ ─┬  
   │  ╰── flag -j requires a value
───╯
