---
source: figue/tests/integration/subcommand_errors.rs
expression: "$crate :: common :: strip_ansi(& err.to_string())"
---
main deploy

USAGE:
    main deploy [OPTIONS] <ENVIRONMENT>

ARGUMENTS:
        <ENVIRONMENT>
            Environment to deploy to

OPTIONS:
        --region <STRING> [Required]
            Deployment region (required)
        --version <STRING>
            Optional version tag


Error: missing required argument
   ╭─[ <usage>:1:19 ]
   │
 1 │ deploy production --region <region>
   │                   ────────┬────────  
   │                           ╰────────── Deployment region (required)
───╯
