---
source: crates/figue/tests/integration/help.rs
expression: "strip_ansi_escapes :: strip_str(& help)"
---
myapp 1.0.0

A sample CLI application for testing help generation.
This is a longer description that spans multiple lines
to test how doc comments are handled.

USAGE:
    myapp [OPTIONS] <INPUT> [OUTPUT]

ARGUMENTS:
        <INPUT>
            Input file to process
        <OUTPUT>
            Output file (optional)

OPTIONS:
    -v, --[no-]verbose
            Enable verbose output
    -j, --jobs <COUNT>
            Number of parallel jobs
    -h, --[no-]help
            Show help message and exit.
    -V, --[no-]version
            Show version and exit.
        --completions <bash,zsh,fish>
            Generate shell completions.
        --export-jsonschemas <DIR>
            Export JSON Schema files for all config roots.
