---
source: crates/figue/tests/integration/simple.rs
expression: "strip_ansi_escapes :: strip_str(& help.to_string())"
---
main

USAGE:
    main [OPTIONS]

OPTIONS:
        --name <STRING>
    -h, --[no-]help
            Show help message and exit.
    -V, --[no-]version
            Show version and exit.
        --completions <bash,zsh,fish>
            Generate shell completions.
