---
source: crates/figue/tests/integration/help.rs
expression: "strip_ansi_escapes :: strip_str(& help)"
---
myapp

USAGE:
    myapp [OPTIONS] <COMMAND>

OPTIONS:
    -h, --[no-]help
            Show help message and exit.
    -V, --[no-]version
            Show version and exit.
        --completions <bash,zsh,fish>
            Generate shell completions.

COMMANDS:
    build
            Build the project
    test
            Run tests
