---
source: crates/figue/tests/integration/subcommand.rs
expression: "strip_ansi_escapes :: strip_str(& err.to_string())"
---
Error: could not parse command-line arguments

Sources:
├─ cli --settings.*
└─ defaults

command.. Ci::.. ci

Run with --help for usage information.
Error: unexpected argument: unknown
   ╭─[ <cli>:1:4 ]
   │
 1 │ ci unknown
   │    ───┬───  
   │       ╰───── unexpected argument: unknown
───╯
