---
source: crates/figue/tests/integration/help.rs
expression: "strip_ansi_escapes :: strip_str(& help)"
---
main

CLI with subcommands for testing subcommand-specific help

USAGE:
    main [OPTIONS] <COMMAND>

OPTIONS:
    -h, --[no-]help
            Show help message and exit.
    -V, --[no-]version
            Show version and exit.
        --completions <bash,zsh,fish>
            Generate shell completions.

COMMANDS:
    install
            Install a package
    rm
            Remove a package
    ls
            List installed packages
