---
source: crates/figue/tests/integration/help.rs
expression: "strip_ansi_escapes :: strip_str(& help)"
---
git 2.40.0

Git-like CLI with subcommands

USAGE:
    git [OPTIONS] <COMMAND>

OPTIONS:
    -h, --[no-]help
            Show help message and exit.
        --[no-]html-help
            Open HTML help in the browser and exit.
    -V, --[no-]version
            Show version and exit.
        --completions <bash,zsh,fish>
            Generate shell completions.
        --export-jsonschemas <DIR>
            Export JSON Schema files for all config roots.

COMMANDS:
    clone
            Clone a repository
    log
            Show commit history
    remote
            Manage remotes
