---
source: crates/figue/tests/integration/deser_errors.rs
expression: "strip_ansi_escapes :: strip_str(& report.to_string())"
---
Error: failed to parse "not_a_number" as u16 at config.port
   ╭─[ config.json:5:9 ]
   │
 5 │         }
   │         ┬  
   │         ╰── failed to parse "not_a_number" as u16 at config.port
───╯
