---
source: facet-diff/tests/diff_snapshots.rs
expression: "format_diff_comparison(&a, &b)"
---
[36m╭Before─────────────────────────╮[0m
[36m│[0m[2m[[0m                              [36m│[0m
[36m│[0m  [2m{[0m                            [36m│[0m
[36m│[0m    [36mid[0m[2m: [0m[36m1[0m[2m,[0m                     [36m│[0m
[36m│[0m    [36mname[0m[2m: [0m[33m"Alice"[0m[2m,[0m             [36m│[0m
[36m│[0m    [36mactive[0m[2m: [0m[35mtrue[0m[2m,[0m              [36m│[0m
[36m│[0m  [2m}[0m[2m,[0m                           [36m│[0m
[36m│[0m  [2m{[0m                            [36m│[0m
[36m│[0m    [36mid[0m[2m: [0m[36m2[0m[2m,[0m                     [36m│[0m
[36m│[0m    [36mname[0m[2m: [0m[33m"Bob"[0m[2m,[0m               [36m│[0m
[36m│[0m    [36mactive[0m[2m: [0m[35mtrue[0m[2m,[0m              [36m│[0m
[36m│[0m  [2m}[0m[2m,[0m                           [36m│[0m
[36m│[0m  [2m{[0m                            [36m│[0m
[36m│[0m    [36mid[0m[2m: [0m[36m3[0m[2m,[0m                     [36m│[0m
[36m│[0m    [36mname[0m[2m: [0m[33m"Charlie"[0m[2m,[0m           [36m│[0m
[36m│[0m    [36mactive[0m[2m: [0m[35mfalse[0m[2m,[0m             [36m│[0m
[36m│[0m  [2m}[0m[2m,[0m                           [36m│[0m
[36m│[0m[2m][0m                              [36m│[0m
[36m╰───────────────────────────────╯[0m
[32m╭After──────────────────────────╮[0m
[32m│[0m[2m[[0m                              [32m│[0m
[32m│[0m  [2m{[0m                            [32m│[0m
[32m│[0m    [36mid[0m[2m: [0m[36m1[0m[2m,[0m                     [32m│[0m
[32m│[0m    [36mname[0m[2m: [0m[33m"Alicia"[0m[2m,[0m            [32m│[0m
[32m│[0m    [36mactive[0m[2m: [0m[35mtrue[0m[2m,[0m              [32m│[0m
[32m│[0m  [2m}[0m[2m,[0m                           [32m│[0m
[32m│[0m  [2m{[0m                            [32m│[0m
[32m│[0m    [36mid[0m[2m: [0m[36m2[0m[2m,[0m                     [32m│[0m
[32m│[0m    [36mname[0m[2m: [0m[33m"Bob"[0m[2m,[0m               [32m│[0m
[32m│[0m    [36mactive[0m[2m: [0m[35mfalse[0m[2m,[0m             [32m│[0m
[32m│[0m  [2m}[0m[2m,[0m                           [32m│[0m
[32m│[0m  [2m{[0m                            [32m│[0m
[32m│[0m    [36mid[0m[2m: [0m[36m4[0m[2m,[0m                     [32m│[0m
[32m│[0m    [36mname[0m[2m: [0m[33m"Diana"[0m[2m,[0m             [32m│[0m
[32m│[0m    [36mactive[0m[2m: [0m[35mtrue[0m[2m,[0m              [32m│[0m
[32m│[0m  [2m}[0m[2m,[0m                           [32m│[0m
[32m│[0m[2m][0m                              [32m│[0m
[32m╰───────────────────────────────╯[0m
[33m╔Diff═══════════════════════════╗[0m
[33m║[0m[                              [33m║[0m
[33m║[0m  {                            [33m║[0m
[33m║[0m    name: [31m"Alice"[39m → [32m"Alicia"[39m   [33m║[0m
[33m║[0m  }                            [33m║[0m
[33m║[0m  {                            [33m║[0m
[33m║[0m    active: [31mtrue[39m → [32mfalse[39m       [33m║[0m
[33m║[0m  }                            [33m║[0m
[33m║[0m  {                            [33m║[0m
[33m║[0m    active: [31mfalse[39m → [32mtrue[39m       [33m║[0m
[33m║[0m    id: [31m3[39m → [32m4[39m                  [33m║[0m
[33m║[0m    name: [31m"Charlie"[39m → [32m"Diana"[39m  [33m║[0m
[33m║[0m  }                            [33m║[0m
[33m║[0m]                              [33m║[0m
[33m╚═══════════════════════════════╝[0m
