---
source: facet-diff/tests/diff_snapshots.rs
expression: "format_diff_comparison(&a, &b)"
---
╭Before──────────────────╮
│Vec<i32> [1, 2, 3, 4]   │
╰────────────────────────╯
╭After───────────────────╮
│Vec<i32> [1, 2, 3]      │
╰────────────────────────╯
╔Diff════════════════════╗
║[                       ║
║    .. 3 unchanged items║
║    - 4                 ║
║]                       ║
╚════════════════════════╝
