---
source: facet-diff/tests/diff_snapshots.rs
expression: "format_diff_comparison(&a, &b)"
---
╭Before──────────────────╮
│Vec<i32> [1, 2, 4]      │
╰────────────────────────╯
╭After───────────────────╮
│Vec<i32> [1, 2, 3, 4]   │
╰────────────────────────╯
╔Diff════════════════════╗
║[                       ║
║    .. 2 unchanged items║
║    + 3                 ║
║    .. 1 unchanged item ║
║]                       ║
╚════════════════════════╝
