---
source: facet-diff/tests/diff_snapshots.rs
expression: "format_diff_comparison(&a, &b)"
---
╭Before───────────────────────────────────────╮
│Vec<i32> [1, 2, 3, 4, 5, 6, 7, 8, 9, 10]     │
╰─────────────────────────────────────────────╯
╭After────────────────────────────────────────╮
│Vec<i32> [1, 20, 3, 40, 5, 60, 7, 80, 9, 100]│
╰─────────────────────────────────────────────╯
╔Diff═════════════════════════════════════════╗
║[                                            ║
║    .. 1 unchanged item                      ║
║    2 → 20                                   ║
║    .. 1 unchanged item                      ║
║    4 → 40                                   ║
║    .. 1 unchanged item                      ║
║    6 → 60                                   ║
║    .. 1 unchanged item                      ║
║    8 → 80                                   ║
║    .. 1 unchanged item                      ║
║    10 → 100                                 ║
║]                                            ║
╚═════════════════════════════════════════════╝
