---
source: facet-diff/tests/diff_snapshots.rs
expression: "format_diff_comparison(&a, &b)"
---
[36m╭Before──────╮[0m
[36m│[0mVec<i32> [  [36m│[0m
[36m│[0m  0,        [36m│[0m
[36m│[0m  1,        [36m│[0m
[36m│[0m  2,        [36m│[0m
[36m│[0m  3,        [36m│[0m
[36m│[0m  4,        [36m│[0m
[36m│[0m  5,        [36m│[0m
[36m│[0m  6,        [36m│[0m
[36m│[0m  7,        [36m│[0m
[36m│[0m  8,        [36m│[0m
[36m│[0m  9,        [36m│[0m
[36m│[0m  10,       [36m│[0m
[36m│[0m  11,       [36m│[0m
[36m│[0m  12,       [36m│[0m
[36m│[0m  13,       [36m│[0m
[36m│[0m  14,       [36m│[0m
[36m│[0m  15,       [36m│[0m
[36m│[0m  16,       [36m│[0m
[36m│[0m  17,       [36m│[0m
[36m│[0m  18,       [36m│[0m
[36m│[0m  19,       [36m│[0m
[36m│[0m]           [36m│[0m
[36m╰────────────╯[0m
[32m╭After───────╮[0m
[32m│[0mVec<i32> [  [32m│[0m
[32m│[0m  0,        [32m│[0m
[32m│[0m  1,        [32m│[0m
[32m│[0m  2,        [32m│[0m
[32m│[0m  300,      [32m│[0m
[32m│[0m  4,        [32m│[0m
[32m│[0m  5,        [32m│[0m
[32m│[0m  6,        [32m│[0m
[32m│[0m  700,      [32m│[0m
[32m│[0m  8,        [32m│[0m
[32m│[0m  9,        [32m│[0m
[32m│[0m  10,       [32m│[0m
[32m│[0m  11,       [32m│[0m
[32m│[0m  12,       [32m│[0m
[32m│[0m  13,       [32m│[0m
[32m│[0m  14,       [32m│[0m
[32m│[0m  1500,     [32m│[0m
[32m│[0m  16,       [32m│[0m
[32m│[0m  17,       [32m│[0m
[32m│[0m  18,       [32m│[0m
[32m│[0m  19,       [32m│[0m
[32m│[0m]           [32m│[0m
[32m╰────────────╯[0m
[33m╔Diff════════╗[0m
[33m║[0m[           [33m║[0m
[33m║[0m  0         [33m║[0m
[33m║[0m  1         [33m║[0m
[33m║[0m  2         [33m║[0m
[33m║[0m  [31m- 3[39m       [33m║[0m
[33m║[0m  [32m+ 300[39m     [33m║[0m
[33m║[0m  4         [33m║[0m
[33m║[0m  5         [33m║[0m
[33m║[0m  6         [33m║[0m
[33m║[0m  [31m- 7[39m       [33m║[0m
[33m║[0m  [32m+ 700[39m     [33m║[0m
[33m║[0m  8         [33m║[0m
[33m║[0m  9         [33m║[0m
[33m║[0m  10        [33m║[0m
[33m║[0m  11        [33m║[0m
[33m║[0m  12        [33m║[0m
[33m║[0m  13        [33m║[0m
[33m║[0m  14        [33m║[0m
[33m║[0m  [31m- 15[39m      [33m║[0m
[33m║[0m  [32m+ 1500[39m    [33m║[0m
[33m║[0m  16        [33m║[0m
[33m║[0m  17        [33m║[0m
[33m║[0m  18        [33m║[0m
[33m║[0m  19        [33m║[0m
[33m║[0m]           [33m║[0m
[33m╚════════════╝[0m
