---
source: facet-diff/tests/diff_snapshots.rs
expression: "format_diff_comparison(&a, &b)"
---
[36m╭Before──────────────╮[0m
[36m│[0m[1mLevel1[0m[2m {[0m            [36m│[0m
[36m│[0m  [36minner[0m[2m: [0m[1mLevel2[0m[2m {[0m   [36m│[0m
[36m│[0m    [36minner[0m[2m: [0m[1mLevel3[0m[2m {[0m [36m│[0m
[36m│[0m      [36mvalue[0m[2m: [0m[38;2;224;81;95m1[0m[2m,[0m     [36m│[0m
[36m│[0m    [2m}[0m[2m,[0m              [36m│[0m
[36m│[0m  [2m}[0m[2m,[0m                [36m│[0m
[36m│[0m[2m}[0m                   [36m│[0m
[36m╰────────────────────╯[0m
[32m╭After───────────────╮[0m
[32m│[0m[1mLevel1[0m[2m {[0m            [32m│[0m
[32m│[0m  [36minner[0m[2m: [0m[1mLevel2[0m[2m {[0m   [32m│[0m
[32m│[0m    [36minner[0m[2m: [0m[1mLevel3[0m[2m {[0m [32m│[0m
[32m│[0m      [36mvalue[0m[2m: [0m[38;2;224;81;95m2[0m[2m,[0m     [32m│[0m
[32m│[0m    [2m}[0m[2m,[0m              [32m│[0m
[32m│[0m  [2m}[0m[2m,[0m                [32m│[0m
[32m│[0m[2m}[0m                   [32m│[0m
[32m╰────────────────────╯[0m
[33m╔Diff════════════════╗[0m
[33m║[0m{                   [33m║[0m
[33m║[0m  inner: {          [33m║[0m
[33m║[0m    inner: {        [33m║[0m
[33m║[0m      value: [31m1[39m → [32m2[39m  [33m║[0m
[33m║[0m    }               [33m║[0m
[33m║[0m  }                 [33m║[0m
[33m║[0m}                   [33m║[0m
[33m╚════════════════════╝[0m
