---
source: facet-diff/tests/diff_snapshots.rs
expression: "format_diff_comparison(&a, &b)"
---
[36m╭Before─────────────────────╮[0m
[36m│[0m[2m{[0m                          [36m│[0m
[36m│[0m  [36mcount[0m[2m: [0m[36m42[0m[2m,[0m               [36m│[0m
[36m│[0m[2m}[0m                          [36m│[0m
[36m╰───────────────────────────╯[0m
[32m╭After──────────────────────╮[0m
[32m│[0m[2m{[0m                          [32m│[0m
[32m│[0m  [36mcount[0m[2m: [0m[33m"forty-two"[0m[2m,[0m      [32m│[0m
[32m│[0m[2m}[0m                          [32m│[0m
[32m╰───────────────────────────╯[0m
[33m╔Diff═══════════════════════╗[0m
[33m║[0m{                          [33m║[0m
[33m║[0m  count: [31m42[39m → [32m"forty-two"[39m  [33m║[0m
[33m║[0m}                          [33m║[0m
[33m╚═══════════════════════════╝[0m
