---
source: facet-diff/tests/diff_snapshots.rs
expression: "format_diff_comparison(&a, &b)"
---
[36m╭Before─────────────────────────────────────╮[0m
[36m│[0m[1mUserWithAddress[0m[2m {[0m                          [36m│[0m
[36m│[0m  [36mname[0m[2m: [0m"[33mAlice[0m"[2m,[0m                           [36m│[0m
[36m│[0m  [36mage[0m[2m: [0m[38;2;81;224;193m30[0m[2m,[0m                                 [36m│[0m
[36m│[0m  [36maddress[0m[2m: [0m[1mAddress[0m[2m {[0m                       [36m│[0m
[36m│[0m    [36mstreet[0m[2m: [0m"[33m123 Main St[0m"[2m,[0m                 [36m│[0m
[36m│[0m    [36mcity[0m[2m: [0m"[33mWonderland[0m"[2m,[0m                    [36m│[0m
[36m│[0m  [2m}[0m[2m,[0m                                       [36m│[0m
[36m│[0m[2m}[0m                                          [36m│[0m
[36m╰───────────────────────────────────────────╯[0m
[32m╭After──────────────────────────────────────╮[0m
[32m│[0m[1mUserWithAddress[0m[2m {[0m                          [32m│[0m
[32m│[0m  [36mname[0m[2m: [0m"[33mBob[0m"[2m,[0m                             [32m│[0m
[32m│[0m  [36mage[0m[2m: [0m[38;2;81;224;193m25[0m[2m,[0m                                 [32m│[0m
[32m│[0m  [36maddress[0m[2m: [0m[1mAddress[0m[2m {[0m                       [32m│[0m
[32m│[0m    [36mstreet[0m[2m: [0m"[33m456 Oak Ave[0m"[2m,[0m                 [32m│[0m
[32m│[0m    [36mcity[0m[2m: [0m"[33mElsewhere[0m"[2m,[0m                     [32m│[0m
[32m│[0m  [2m}[0m[2m,[0m                                       [32m│[0m
[32m│[0m[2m}[0m                                          [32m│[0m
[32m╰───────────────────────────────────────────╯[0m
[33m╔Diff═══════════════════════════════════════╗[0m
[33m║[0m{                                          [33m║[0m
[33m║[0m  address: {                               [33m║[0m
[33m║[0m    city: [31m"Wonderland"[39m → [32m"Elsewhere"[39m       [33m║[0m
[33m║[0m    street: [31m"123 Main St"[39m → [32m"456 Oak Ave"[39m  [33m║[0m
[33m║[0m  }                                        [33m║[0m
[33m║[0m  age: [31m30[39m → [32m25[39m                             [33m║[0m
[33m║[0m  name: [31m"Alice"[39m → [32m"Bob"[39m                    [33m║[0m
[33m║[0m}                                          [33m║[0m
[33m╚═══════════════════════════════════════════╝[0m
