---
source: facet-diff/tests/diff_snapshots.rs
expression: "format_diff_comparison(&a, &b)"
---
[36m╭Before──────────────────────────────────────────────────╮[0m
[36m│[0mBigConfig {                                             [36m│[0m
[36m│[0m  name: my-service,                                     [36m│[0m
[36m│[0m  version: 1,                                           [36m│[0m
[36m│[0m  enabled: true,                                        [36m│[0m
[36m│[0m  max_connections: 100,                                 [36m│[0m
[36m│[0m  timeout_ms: 5000,                                     [36m│[0m
[36m│[0m  retry_count: 3,                                       [36m│[0m
[36m│[0m  debug_mode: false,                                    [36m│[0m
[36m│[0m  log_level: info,                                      [36m│[0m
[36m│[0m  cache_size: 1024,                                     [36m│[0m
[36m│[0m  description: A cool service,                          [36m│[0m
[36m│[0m}                                                       [36m│[0m
[36m╰────────────────────────────────────────────────────────╯[0m
[32m╭After───────────────────────────────────────────────────╮[0m
[32m│[0mBigConfig {                                             [32m│[0m
[32m│[0m  name: my-service,                                     [32m│[0m
[32m│[0m  version: 2,                                           [32m│[0m
[32m│[0m  enabled: true,                                        [32m│[0m
[32m│[0m  max_connections: 200,                                 [32m│[0m
[32m│[0m  timeout_ms: 10000,                                    [32m│[0m
[32m│[0m  retry_count: 3,                                       [32m│[0m
[32m│[0m  debug_mode: true,                                     [32m│[0m
[32m│[0m  log_level: debug,                                     [32m│[0m
[32m│[0m  cache_size: 1024,                                     [32m│[0m
[32m│[0m  description: An even cooler service,                  [32m│[0m
[32m│[0m}                                                       [32m│[0m
[32m╰────────────────────────────────────────────────────────╯[0m
[33m╔Diff════════════════════════════════════════════════════╗[0m
[33m║[0m{                                                       [33m║[0m
[33m║[0m  debug_mode: [31mfalse[39m → [32mtrue[39m                              [33m║[0m
[33m║[0m  description: [31mA cool service[39m → [32mAn even cooler service[39m  [33m║[0m
[33m║[0m  log_level: [31minfo[39m → [32mdebug[39m                               [33m║[0m
[33m║[0m  max_connections: [31m100[39m → [32m200[39m                            [33m║[0m
[33m║[0m  timeout_ms: [31m5000[39m → [32m10000[39m                              [33m║[0m
[33m║[0m  version: [31m1[39m → [32m2[39m                                        [33m║[0m
[33m║[0m}                                                       [33m║[0m
[33m╚════════════════════════════════════════════════════════╝[0m
