---
source: facet-diff/tests/diff_snapshots.rs
expression: "format_diff_comparison(&a, &b)"
---
[36m╭Before──────────────────────────────────╮[0m
[36m│[0m{                                       [36m│[0m
[36m│[0m  user: {                               [36m│[0m
[36m│[0m    name: "Alice",                      [36m│[0m
[36m│[0m    address: {                          [36m│[0m
[36m│[0m      city: "Wonderland",               [36m│[0m
[36m│[0m    },                                  [36m│[0m
[36m│[0m  },                                    [36m│[0m
[36m│[0m}                                       [36m│[0m
[36m╰────────────────────────────────────────╯[0m
[32m╭After───────────────────────────────────╮[0m
[32m│[0m{                                       [32m│[0m
[32m│[0m  user: {                               [32m│[0m
[32m│[0m    name: "Alice",                      [32m│[0m
[32m│[0m    address: {                          [32m│[0m
[32m│[0m      city: "Elsewhere",                [32m│[0m
[32m│[0m    },                                  [32m│[0m
[32m│[0m  },                                    [32m│[0m
[32m│[0m}                                       [32m│[0m
[32m╰────────────────────────────────────────╯[0m
[33m╔Diff════════════════════════════════════╗[0m
[33m║[0m{                                       [33m║[0m
[33m║[0m  user: {                               [33m║[0m
[33m║[0m    address: {                          [33m║[0m
[33m║[0m      city: [31m"Wonderland"[39m → [32m"Elsewhere"[39m  [33m║[0m
[33m║[0m    }                                   [33m║[0m
[33m║[0m  }                                     [33m║[0m
[33m║[0m}                                       [33m║[0m
[33m╚════════════════════════════════════════╝[0m
