---
source: facet-diff/tests/diff_snapshots.rs
expression: "format_diff_comparison(&a, &b)"
---
[36m╭Before─────────────────────────╮[0m
[36m│[0m[                              [36m│[0m
[36m│[0m  {                            [36m│[0m
[36m│[0m    id: 1,                     [36m│[0m
[36m│[0m    name: "Alice",             [36m│[0m
[36m│[0m    active: true,              [36m│[0m
[36m│[0m  },                           [36m│[0m
[36m│[0m  {                            [36m│[0m
[36m│[0m    id: 2,                     [36m│[0m
[36m│[0m    name: "Bob",               [36m│[0m
[36m│[0m    active: true,              [36m│[0m
[36m│[0m  },                           [36m│[0m
[36m│[0m  {                            [36m│[0m
[36m│[0m    id: 3,                     [36m│[0m
[36m│[0m    name: "Charlie",           [36m│[0m
[36m│[0m    active: false,             [36m│[0m
[36m│[0m  },                           [36m│[0m
[36m│[0m]                              [36m│[0m
[36m╰───────────────────────────────╯[0m
[32m╭After──────────────────────────╮[0m
[32m│[0m[                              [32m│[0m
[32m│[0m  {                            [32m│[0m
[32m│[0m    id: 1,                     [32m│[0m
[32m│[0m    name: "Alicia",            [32m│[0m
[32m│[0m    active: true,              [32m│[0m
[32m│[0m  },                           [32m│[0m
[32m│[0m  {                            [32m│[0m
[32m│[0m    id: 2,                     [32m│[0m
[32m│[0m    name: "Bob",               [32m│[0m
[32m│[0m    active: false,             [32m│[0m
[32m│[0m  },                           [32m│[0m
[32m│[0m  {                            [32m│[0m
[32m│[0m    id: 4,                     [32m│[0m
[32m│[0m    name: "Diana",             [32m│[0m
[32m│[0m    active: true,              [32m│[0m
[32m│[0m  },                           [32m│[0m
[32m│[0m]                              [32m│[0m
[32m╰───────────────────────────────╯[0m
[33m╔Diff═══════════════════════════╗[0m
[33m║[0m[                              [33m║[0m
[33m║[0m  {                            [33m║[0m
[33m║[0m    name: [31m"Alice"[39m → [32m"Alicia"[39m   [33m║[0m
[33m║[0m  }                            [33m║[0m
[33m║[0m  {                            [33m║[0m
[33m║[0m    active: [31mtrue[39m → [32mfalse[39m       [33m║[0m
[33m║[0m  }                            [33m║[0m
[33m║[0m  {                            [33m║[0m
[33m║[0m    active: [31mfalse[39m → [32mtrue[39m       [33m║[0m
[33m║[0m    id: [31m3[39m → [32m4[39m                  [33m║[0m
[33m║[0m    name: [31m"Charlie"[39m → [32m"Diana"[39m  [33m║[0m
[33m║[0m  }                            [33m║[0m
[33m║[0m]                              [33m║[0m
[33m╚═══════════════════════════════╝[0m
