---
source: facet-diff/tests/diff_snapshots.rs
expression: "format_diff_comparison(&a, &b)"
---
╭Before─────────────────╮
│(i32, i32, i32) (      │
│  1,                   │
│  2,                   │
│  3,                   │
│)                      │
╰───────────────────────╯
╭After──────────────────╮
│(i32, i32, i32) (      │
│  1,                   │
│  5,                   │
│  3,                   │
│)                      │
╰───────────────────────╯
╔Diff═══════════════════╗
║(                      ║
║    - 1                ║
║    - 2                ║
║    + 1                ║
║    + 5                ║
║    .. 1 unchanged item║
║)                      ║
╚═══════════════════════╝
