---
source: facet-diff/tests/diff_snapshots.rs
expression: "format_diff_comparison(&a, &b)"
---
╭Before─────────────────╮
│[                      │
│  {                    │
│    id: 1,             │
│    name: "Alice",     │
│  },                   │
│  {                    │
│    id: 2,             │
│    name: "Bob",       │
│  },                   │
│]                      │
╰───────────────────────╯
╭After──────────────────╮
│[                      │
│  {                    │
│    id: 1,             │
│    name: "Alicia",    │
│  },                   │
│  {                    │
│    id: 2,             │
│    name: "Bob",       │
│  },                   │
│]                      │
╰───────────────────────╯
╔Diff═══════════════════╗
║[                      ║
║    {                  ║
║      id: 1,           ║
║      name: "Alice",   ║
║    } → {              ║
║      id: 1,           ║
║      name: "Alicia",  ║
║    }                  ║
║    .. 1 unchanged item║
║]                      ║
╚═══════════════════════╝
