---
source: facet-diff/tests/diff_snapshots.rs
expression: "format_diff_comparison(&a, &b)"
---
[36m╭Before──────╮[0m
[36m│[0m[38;2;81;164;224mtrue[0m        [36m│[0m
[36m╰────────────╯[0m
[32m╭After───────╮[0m
[32m│[0m[38;2;81;164;224mtrue[0m        [32m│[0m
[32m╰────────────╯[0m
[33m╔Diff════════╗[0m
[33m║[0mtrue        [33m║[0m
[33m╚════════════╝[0m
