---
source: facet-diff/tests/diff_snapshots.rs
expression: "format_diff_comparison(&a, &b)"
---
╭Before───────────────────────╮
│{                            │
│  count: 42,                 │
│}                            │
╰─────────────────────────────╯
╭After────────────────────────╮
│{                            │
│  count: "forty-two",        │
│}                            │
╰─────────────────────────────╯
╔Diff═════════════════════════╗
║{                            ║
║    count: 42 → "forty-two"  ║
║}                            ║
╚═════════════════════════════╝
