---
source: facet-diff/tests/diff_snapshots.rs
expression: "format_diff_comparison(&a, &b)"
---
[36m╭Before──────────────────────────╮[0m
[36m│[0m[1mMaybeUser[0m[2m {[0m                     [36m│[0m
[36m│[0m  [36mname[0m[2m: [0m"[33mAlice[0m"[2m,[0m                [36m│[0m
[36m│[0m  [36mnickname[0m[2m: [0m[2mSome([0m"[33mAli[0m"[2m)[0m[2m,[0m        [36m│[0m
[36m│[0m[2m}[0m                               [36m│[0m
[36m╰────────────────────────────────╯[0m
[32m╭After───────────────────────────╮[0m
[32m│[0m[1mMaybeUser[0m[2m {[0m                     [32m│[0m
[32m│[0m  [36mname[0m[2m: [0m"[33mAlice[0m"[2m,[0m                [32m│[0m
[32m│[0m  [36mnickname[0m[2m: [0m[2mNone[0m[2m,[0m               [32m│[0m
[32m│[0m[2m}[0m                               [32m│[0m
[32m╰────────────────────────────────╯[0m
[33m╔Diff════════════════════════════╗[0m
[33m║[0m{                               [33m║[0m
[33m║[0m  nickname: [31mSome("Ali")[39m → [32mNone[39m  [33m║[0m
[33m║[0m}                               [33m║[0m
[33m╚════════════════════════════════╝[0m
