---
source: facet-diff/tests/diff_snapshots.rs
expression: "format_diff_comparison(&a, &b)"
---
[36m╭Before──────────────────────────────────────────────────────╮[0m
[36m│[0m[1mBigConfig[0m[2m {[0m                                                 [36m│[0m
[36m│[0m  [36mname[0m[2m: [0m"[33mmy-service[0m"[2m,[0m                                       [36m│[0m
[36m│[0m  [36mversion[0m[2m: [0m[38;2;110;81;224m1[0m[2m,[0m                                               [36m│[0m
[36m│[0m  [36menabled[0m[2m: [0m[38;2;81;164;224mtrue[0m[2m,[0m                                            [36m│[0m
[36m│[0m  [36mmax_connections[0m[2m: [0m[38;2;81;126;224m100[0m[2m,[0m                                     [36m│[0m
[36m│[0m  [36mtimeout_ms[0m[2m: [0m[38;2;110;81;224m5000[0m[2m,[0m                                         [36m│[0m
[36m│[0m  [36mretry_count[0m[2m: [0m[38;2;81;224;193m3[0m[2m,[0m                                           [36m│[0m
[36m│[0m  [36mdebug_mode[0m[2m: [0m[38;2;81;164;224mfalse[0m[2m,[0m                                        [36m│[0m
[36m│[0m  [36mlog_level[0m[2m: [0m"[33minfo[0m"[2m,[0m                                        [36m│[0m
[36m│[0m  [36mcache_size[0m[2m: [0m[38;2;81;157;224m1024[0m[2m,[0m                                         [36m│[0m
[36m│[0m  [36mdescription[0m[2m: [0m"[33mA cool service[0m"[2m,[0m                            [36m│[0m
[36m│[0m[2m}[0m                                                           [36m│[0m
[36m╰────────────────────────────────────────────────────────────╯[0m
[32m╭After───────────────────────────────────────────────────────╮[0m
[32m│[0m[1mBigConfig[0m[2m {[0m                                                 [32m│[0m
[32m│[0m  [36mname[0m[2m: [0m"[33mmy-service[0m"[2m,[0m                                       [32m│[0m
[32m│[0m  [36mversion[0m[2m: [0m[38;2;110;81;224m2[0m[2m,[0m                                               [32m│[0m
[32m│[0m  [36menabled[0m[2m: [0m[38;2;81;164;224mtrue[0m[2m,[0m                                            [32m│[0m
[32m│[0m  [36mmax_connections[0m[2m: [0m[38;2;81;126;224m200[0m[2m,[0m                                     [32m│[0m
[32m│[0m  [36mtimeout_ms[0m[2m: [0m[38;2;110;81;224m10000[0m[2m,[0m                                        [32m│[0m
[32m│[0m  [36mretry_count[0m[2m: [0m[38;2;81;224;193m3[0m[2m,[0m                                           [32m│[0m
[32m│[0m  [36mdebug_mode[0m[2m: [0m[38;2;81;164;224mtrue[0m[2m,[0m                                         [32m│[0m
[32m│[0m  [36mlog_level[0m[2m: [0m"[33mdebug[0m"[2m,[0m                                       [32m│[0m
[32m│[0m  [36mcache_size[0m[2m: [0m[38;2;81;157;224m1024[0m[2m,[0m                                         [32m│[0m
[32m│[0m  [36mdescription[0m[2m: [0m"[33mAn even cooler service[0m"[2m,[0m                    [32m│[0m
[32m│[0m[2m}[0m                                                           [32m│[0m
[32m╰────────────────────────────────────────────────────────────╯[0m
[33m╔Diff════════════════════════════════════════════════════════╗[0m
[33m║[0m{                                                           [33m║[0m
[33m║[0m  debug_mode: [31mfalse[39m → [32mtrue[39m                                  [33m║[0m
[33m║[0m  description: [31m"A cool service"[39m → [32m"An even cooler service"[39m  [33m║[0m
[33m║[0m  log_level: [31m"info"[39m → [32m"debug"[39m                               [33m║[0m
[33m║[0m  max_connections: [31m100[39m → [32m200[39m                                [33m║[0m
[33m║[0m  timeout_ms: [31m5000[39m → [32m10000[39m                                  [33m║[0m
[33m║[0m  version: [31m1[39m → [32m2[39m                                            [33m║[0m
[33m║[0m}                                                           [33m║[0m
[33m╚════════════════════════════════════════════════════════════╝[0m
