---
source: facet-diff/tests/diff_snapshots.rs
expression: "format_diff_comparison(&a, &b)"
---
╭Before──────────────╮
│50000               │
╰────────────────────╯
╭After───────────────╮
│50000               │
╰────────────────────╯
╔Diff════════════════╗
║(structurally equal)║
╚════════════════════╝
