---
source: facet-diff/tests/diff_snapshots.rs
expression: "format_diff_comparison(&a, &b)"
---
[36m╭Before─────────────╮[0m
[36m│[0mContainer {        [36m│[0m
[36m│[0m  items: Vec<i32> [[36m│[0m
[36m│[0m    1,             [36m│[0m
[36m│[0m    2,             [36m│[0m
[36m│[0m    3,             [36m│[0m
[36m│[0m  ],               [36m│[0m
[36m│[0m}                  [36m│[0m
[36m╰───────────────────╯[0m
[32m╭After──────────────╮[0m
[32m│[0mContainer {        [32m│[0m
[32m│[0m  items: Vec<i32> [[32m│[0m
[32m│[0m    1,             [32m│[0m
[32m│[0m    2,             [32m│[0m
[32m│[0m    4,             [32m│[0m
[32m│[0m  ],               [32m│[0m
[32m│[0m}                  [32m│[0m
[32m╰───────────────────╯[0m
[33m╔Diff═══════════════╗[0m
[33m║[0m{                  [33m║[0m
[33m║[0m  items: [         [33m║[0m
[33m║[0m    1              [33m║[0m
[33m║[0m    2              [33m║[0m
[33m║[0m    [31m- 3[39m            [33m║[0m
[33m║[0m    [32m+ 4[39m            [33m║[0m
[33m║[0m  ]                [33m║[0m
[33m║[0m}                  [33m║[0m
[33m╚═══════════════════╝[0m
