---
source: facet-diff/tests/diff_snapshots.rs
expression: "format_diff_comparison(&a, &b)"
---
╭Before──────────────────────────────────╮
│{                                       │
│  level1: {                             │
│    level2: {                           │
│      level3: {                         │
│        level4: {                       │
│          value: 42,                    │
│          name: "deep",                 │
│        },                              │
│      },                                │
│    },                                  │
│  },                                    │
│}                                       │
╰────────────────────────────────────────╯
╭After───────────────────────────────────╮
│{                                       │
│  level1: {                             │
│    level2: {                           │
│      level3: {                         │
│        level4: {                       │
│          value: 100,                   │
│          name: "deep",                 │
│        },                              │
│      },                                │
│    },                                  │
│  },                                    │
│}                                       │
╰────────────────────────────────────────╯
╔Diff════════════════════════════════════╗
║{                                       ║
║    level1: {                           ║
║        level2: {                       ║
║            level3: {                   ║
║                level4: {               ║
║                    .. 1 unchanged field║
║                    value: 42 → 100     ║
║                }                       ║
║            }                           ║
║        }                               ║
║    }                                   ║
║}                                       ║
╚════════════════════════════════════════╝
