---
source: facet-diff/tests/diff_snapshots.rs
expression: "format_diff_comparison(&a, &b)"
---
[36m╭Before─────────────────────────────────╮[0m
[36m│[0mUserWithAddress {                      [36m│[0m
[36m│[0m  name: "Alice",                       [36m│[0m
[36m│[0m  age: 30,                             [36m│[0m
[36m│[0m  address: Address {                   [36m│[0m
[36m│[0m    street: 123 Main St,               [36m│[0m
[36m│[0m    city: Wonderland,                  [36m│[0m
[36m│[0m  },                                   [36m│[0m
[36m│[0m}                                      [36m│[0m
[36m╰───────────────────────────────────────╯[0m
[32m╭After──────────────────────────────────╮[0m
[32m│[0mUserWithAddress {                      [32m│[0m
[32m│[0m  name: "Bob",                         [32m│[0m
[32m│[0m  age: 25,                             [32m│[0m
[32m│[0m  address: Address {                   [32m│[0m
[32m│[0m    street: 456 Oak Ave,               [32m│[0m
[32m│[0m    city: Elsewhere,                   [32m│[0m
[32m│[0m  },                                   [32m│[0m
[32m│[0m}                                      [32m│[0m
[32m╰───────────────────────────────────────╯[0m
[33m╔Diff═══════════════════════════════════╗[0m
[33m║[0m{                                      [33m║[0m
[33m║[0m  address: {                           [33m║[0m
[33m║[0m    city: [31mWonderland[39m → [32mElsewhere[39m       [33m║[0m
[33m║[0m    street: [31m123 Main St[39m → [32m456 Oak Ave[39m  [33m║[0m
[33m║[0m  }                                    [33m║[0m
[33m║[0m  age: [31m30[39m → [32m25[39m                         [33m║[0m
[33m║[0m  name: [31m"Alice"[39m → [32m"Bob"[39m                [33m║[0m
[33m║[0m}                                      [33m║[0m
[33m╚═══════════════════════════════════════╝[0m
