---
source: facet-diff/tests/diff_snapshots.rs
expression: "format_diff_comparison(&a, &b)"
---
[36m╭Before───────────────────╮[0m
[36m│[0mUser {                   [36m│[0m
[36m│[0m  name: "Alice",         [36m│[0m
[36m│[0m  age: 30,               [36m│[0m
[36m│[0m}                        [36m│[0m
[36m╰─────────────────────────╯[0m
[32m╭After────────────────────╮[0m
[32m│[0mOwnedUser {              [32m│[0m
[32m│[0m  name: Alice,           [32m│[0m
[32m│[0m  age: 30,               [32m│[0m
[32m│[0m}                        [32m│[0m
[32m╰─────────────────────────╯[0m
[33m╔Diff═════════════════════╗[0m
[33m║[0m{                        [33m║[0m
[33m║[0m  name: [31m"Alice"[39m → [32mAlice[39m  [33m║[0m
[33m║[0m}                        [33m║[0m
[33m╚═════════════════════════╝[0m
