---
source: facet-diff/tests/diff_snapshots.rs
expression: "format_diff_comparison(&a, &b)"
---
╭Before──────────────────────────────────────╮
│-9223372036854775808                        │
╰────────────────────────────────────────────╯
╭After───────────────────────────────────────╮
│9223372036854775807                         │
╰────────────────────────────────────────────╯
╔Diff════════════════════════════════════════╗
║-9223372036854775808 → 9223372036854775807  ║
╚════════════════════════════════════════════╝
