---
source: facet-diff/tests/diff_snapshots.rs
expression: "format_diff_comparison(&a, &b)"
---
╭Before────────────────────────────────────────────╮
│NestedOptions {                                   │
│  outer: Some(Some(Some(42))),                    │
│}                                                 │
╰──────────────────────────────────────────────────╯
╭After─────────────────────────────────────────────╮
│NestedOptions {                                   │
│  outer: Some(Some(Some(100))),                   │
│}                                                 │
╰──────────────────────────────────────────────────╯
╔Diff══════════════════════════════════════════════╗
║{                                                 ║
║    outer: Some Some(Some(42)) → Some(Some(100))  ║
║                                                  ║
║}                                                 ║
╚══════════════════════════════════════════════════╝
