---
source: facet-diff/tests/diff_snapshots.rs
expression: "format_diff_comparison(&a, &b)"
---
[36m╭Before─────────────────────╮[0m
[36m│[0m[2m{[0m                          [36m│[0m
[36m│[0m  [36mlevel1[0m[2m: [0m[2m{[0m                [36m│[0m
[36m│[0m    [36mlevel2[0m[2m: [0m[2m{[0m              [36m│[0m
[36m│[0m      [36mlevel3[0m[2m: [0m[2m{[0m            [36m│[0m
[36m│[0m        [36mlevel4[0m[2m: [0m[2m{[0m          [36m│[0m
[36m│[0m          [36mvalue[0m[2m: [0m[36m42[0m[2m,[0m       [36m│[0m
[36m│[0m          [36mname[0m[2m: [0m[33m"deep"[0m[2m,[0m    [36m│[0m
[36m│[0m        [2m}[0m[2m,[0m                 [36m│[0m
[36m│[0m      [2m}[0m[2m,[0m                   [36m│[0m
[36m│[0m    [2m}[0m[2m,[0m                     [36m│[0m
[36m│[0m  [2m}[0m[2m,[0m                       [36m│[0m
[36m│[0m[2m}[0m                          [36m│[0m
[36m╰───────────────────────────╯[0m
[32m╭After──────────────────────╮[0m
[32m│[0m[2m{[0m                          [32m│[0m
[32m│[0m  [36mlevel1[0m[2m: [0m[2m{[0m                [32m│[0m
[32m│[0m    [36mlevel2[0m[2m: [0m[2m{[0m              [32m│[0m
[32m│[0m      [36mlevel3[0m[2m: [0m[2m{[0m            [32m│[0m
[32m│[0m        [36mlevel4[0m[2m: [0m[2m{[0m          [32m│[0m
[32m│[0m          [36mvalue[0m[2m: [0m[36m100[0m[2m,[0m      [32m│[0m
[32m│[0m          [36mname[0m[2m: [0m[33m"deep"[0m[2m,[0m    [32m│[0m
[32m│[0m        [2m}[0m[2m,[0m                 [32m│[0m
[32m│[0m      [2m}[0m[2m,[0m                   [32m│[0m
[32m│[0m    [2m}[0m[2m,[0m                     [32m│[0m
[32m│[0m  [2m}[0m[2m,[0m                       [32m│[0m
[32m│[0m[2m}[0m                          [32m│[0m
[32m╰───────────────────────────╯[0m
[33m╔Diff═══════════════════════╗[0m
[33m║[0m{                          [33m║[0m
[33m║[0m  level1: {                [33m║[0m
[33m║[0m    level2: {              [33m║[0m
[33m║[0m      level3: {            [33m║[0m
[33m║[0m        level4: {          [33m║[0m
[33m║[0m          value: [31m42[39m → [32m100[39m  [33m║[0m
[33m║[0m        }                  [33m║[0m
[33m║[0m      }                    [33m║[0m
[33m║[0m    }                      [33m║[0m
[33m║[0m  }                        [33m║[0m
[33m║[0m}                          [33m║[0m
[33m╚═══════════════════════════╝[0m
