---
source: facet-diff/tests/diff_snapshots.rs
expression: "format_diff_comparison(&a, &b)"
---
[36m╭Before─────────────────────────────╮[0m
[36m│[0mLevel1 {                           [36m│[0m
[36m│[0m  inner: Level2 {                  [36m│[0m
[36m│[0m    inner: Level3 {                [36m│[0m
[36m│[0m      inner: Level4 {              [36m│[0m
[36m│[0m        value: 42,                 [36m│[0m
[36m│[0m        name: original,            [36m│[0m
[36m│[0m      },                           [36m│[0m
[36m│[0m      count: 10,                   [36m│[0m
[36m│[0m    },                             [36m│[0m
[36m│[0m    enabled: true,                 [36m│[0m
[36m│[0m  },                               [36m│[0m
[36m│[0m  label: root,                     [36m│[0m
[36m│[0m}                                  [36m│[0m
[36m╰───────────────────────────────────╯[0m
[32m╭After──────────────────────────────╮[0m
[32m│[0mLevel1 {                           [32m│[0m
[32m│[0m  inner: Level2 {                  [32m│[0m
[32m│[0m    inner: Level3 {                [32m│[0m
[32m│[0m      inner: Level4 {              [32m│[0m
[32m│[0m        value: 100,                [32m│[0m
[32m│[0m        name: modified,            [32m│[0m
[32m│[0m      },                           [32m│[0m
[32m│[0m      count: 10,                   [32m│[0m
[32m│[0m    },                             [32m│[0m
[32m│[0m    enabled: false,                [32m│[0m
[32m│[0m  },                               [32m│[0m
[32m│[0m  label: root,                     [32m│[0m
[32m│[0m}                                  [32m│[0m
[32m╰───────────────────────────────────╯[0m
[33m╔Diff═══════════════════════════════╗[0m
[33m║[0m{                                  [33m║[0m
[33m║[0m  inner: {                         [33m║[0m
[33m║[0m    enabled: [31mtrue[39m → [32mfalse[39m          [33m║[0m
[33m║[0m    inner: {                       [33m║[0m
[33m║[0m      inner: {                     [33m║[0m
[33m║[0m        name: [31moriginal[39m → [32mmodified[39m  [33m║[0m
[33m║[0m        value: [31m42[39m → [32m100[39m            [33m║[0m
[33m║[0m      }                            [33m║[0m
[33m║[0m    }                              [33m║[0m
[33m║[0m  }                                [33m║[0m
[33m║[0m}                                  [33m║[0m
[33m╚═══════════════════════════════════╝[0m
