---
source: facet-diff/tests/diff_snapshots.rs
expression: "format_diff_comparison(&a, &b)"
---
[36m╭Before───────────────────╮[0m
[36m│[0m[1mUser[0m[2m {[0m                   [36m│[0m
[36m│[0m  [36mname[0m[2m: [0m"[33mAlice[0m"[2m,[0m         [36m│[0m
[36m│[0m  [36mage[0m[2m: [0m[38;2;81;224;193m30[0m[2m,[0m               [36m│[0m
[36m│[0m[2m}[0m                        [36m│[0m
[36m╰─────────────────────────╯[0m
[32m╭After────────────────────╮[0m
[32m│[0m[1mUser[0m[2m {[0m                   [32m│[0m
[32m│[0m  [36mname[0m[2m: [0m"[33mBob[0m"[2m,[0m           [32m│[0m
[32m│[0m  [36mage[0m[2m: [0m[38;2;81;224;193m30[0m[2m,[0m               [32m│[0m
[32m│[0m[2m}[0m                        [32m│[0m
[32m╰─────────────────────────╯[0m
[33m╔Diff═════════════════════╗[0m
[33m║[0m{                        [33m║[0m
[33m║[0m  name: [31m"Alice"[39m → [32m"Bob"[39m  [33m║[0m
[33m║[0m}                        [33m║[0m
[33m╚═════════════════════════╝[0m
