---
source: facet-diff/tests/diff_snapshots.rs
expression: "format_diff_comparison(&a, &b)"
---
╭Before──────────────╮
│3.1415927           │
╰────────────────────╯
╭After───────────────╮
│3.1415927           │
╰────────────────────╯
╔Diff════════════════╗
║(structurally equal)║
╚════════════════════╝
