---
source: facet-diff/tests/diff_snapshots.rs
expression: "format_diff_comparison(&a, &b)"
---
╭Before──────────────────╮
│{                       │
│  name: "Alice",        │
│  age: 30,              │
│}                       │
╰────────────────────────╯
╭After───────────────────╮
│{                       │
│  name: "Alice",        │
│}                       │
╰────────────────────────╯
╔Diff════════════════════╗
║{                       ║
║    .. 1 unchanged field║
║    - age: 30           ║
║}                       ║
╚════════════════════════╝
