---
source: facet-diff/tests/diff_snapshots.rs
expression: "format_diff_comparison(&a, &b)"
---
╭Before────────────────────────────────────────────────────────╮
│BigConfig {                                                   │
│  name: "my-service",                                         │
│  version: 1,                                                 │
│  enabled: true,                                              │
│  max_connections: 100,                                       │
│  timeout_ms: 5000,                                           │
│  retry_count: 3,                                             │
│  debug_mode: false,                                          │
│  log_level: "info",                                          │
│  cache_size: 1024,                                           │
│  description: "A cool service",                              │
│}                                                             │
╰──────────────────────────────────────────────────────────────╯
╭After─────────────────────────────────────────────────────────╮
│BigConfig {                                                   │
│  name: "my-service",                                         │
│  version: 2,                                                 │
│  enabled: true,                                              │
│  max_connections: 200,                                       │
│  timeout_ms: 10000,                                          │
│  retry_count: 3,                                             │
│  debug_mode: true,                                           │
│  log_level: "debug",                                         │
│  cache_size: 1024,                                           │
│  description: "An even cooler service",                      │
│}                                                             │
╰──────────────────────────────────────────────────────────────╯
╔Diff══════════════════════════════════════════════════════════╗
║{                                                             ║
║    .. 4 unchanged fields                                     ║
║    debug_mode: false → true                                  ║
║    description: "A cool service" → "An even cooler service"  ║
║    log_level: "info" → "debug"                               ║
║    max_connections: 100 → 200                                ║
║    timeout_ms: 5000 → 10000                                  ║
║    version: 1 → 2                                            ║
║}                                                             ║
╚══════════════════════════════════════════════════════════════╝
