---
source: facet-diff/tests/diff_snapshots.rs
expression: "format_diff_comparison(&a, &b)"
---
╭Before────────────────────╮
│Level1 {                  │
│  inner: Level2 {         │
│    inner: Level3 {       │
│      value: 1,           │
│    },                    │
│  },                      │
│}                         │
╰──────────────────────────╯
╭After─────────────────────╮
│Level1 {                  │
│  inner: Level2 {         │
│    inner: Level3 {       │
│      value: 2,           │
│    },                    │
│  },                      │
│}                         │
╰──────────────────────────╯
╔Diff══════════════════════╗
║{                         ║
║    inner: {              ║
║        inner: {          ║
║            value: 1 → 2  ║
║        }                 ║
║    }                     ║
║}                         ║
╚══════════════════════════╝
