---
source: facet-diff/tests/diff_snapshots.rs
expression: "format_diff_comparison(&a, &b)"
---
╭Before────────────╮
│Vec<i32> [1, 2, 3]│
╰──────────────────╯
╭After─────────────╮
│Vec<i32> [4, 5, 6]│
╰──────────────────╯
╔Diff══════════════╗
║[                 ║
║    - 1           ║
║    - 2           ║
║    - 3           ║
║    + 4           ║
║    + 5           ║
║    + 6           ║
║]                 ║
╚══════════════════╝
