---
source: facet-python/src/lib.rs
expression: py
---
class TextMessageData(TypedDict, total=False):
    content: Required[str]

class TextMessage(TypedDict, total=False):
    text_message: Required[TextMessageData]

class ImageUploadData(TypedDict, total=False):
    url: Required[str]
    width: Required[int]

class ImageUpload(TypedDict, total=False):
    image_upload: Required[ImageUploadData]

Message = TextMessage | ImageUpload
