---
source: facet-macros-emit/tests/codegen/mod.rs
expression: "expand(r#\"\n        #[derive(Facet)]\n        struct Container {\n            #[facet(opaque, serialize_with = serialize_custom)]\n            inner: NotDerivingFacet,\n        }\n        \"#)"
---
static CONTAINER_SHAPE: &'static ::facet::Shape = <Container as ::facet::Facet>::SHAPE;
#[automatically_derived]
unsafe impl<'__facet> ::facet::Facet<'__facet> for Container {
    const SHAPE: &'static ::facet::Shape = &const {
        let fields: &'static [::facet::Field] = &const {
            [{
                ::facet::Field::builder()
                    .name("inner")
                    .shape(|| ::facet::shape_of_opaque(&|s: &Container| &s.inner))
                    .offset(::core::mem::offset_of!(Container, inner))
                    .attributes(
                        &const {
                            [::facet::FieldAttribute::SerializeInto(
                                ::facet::shape_of_serialize_with_target(&serialize_custom),
                            )]
                        },
                    )
                    .vtable(
                        &const {
                            ::facet::FieldVTable::builder()
                                .serialize_with(|sptr, tptr| -> Result<::facet::PtrMut<'_>, _> {
                                    let sval: &NotDerivingFacet =
                                        unsafe { sptr.get::<NotDerivingFacet>() };
                                    let res: Result<_, _> = serialize_custom(sval);
                                    let tval = res.map_err(|e| format!("{e}"))?;
                                    Ok(unsafe { tptr.put(tval) })
                                })
                                .build()
                        },
                    )
                    .build()
            }]
        };
        ::facet::Shape::builder_for_sized::<Self>()
            .vtable({
                let mut vtable =
                    ::facet::value_vtable!(Self, |f, _opts| ::core::fmt::Write::write_str(
                        f,
                        "Container"
                    ));
                vtable
            })
            .type_identifier("Container")
            .ty(::facet::Type::User(::facet::UserType::Struct(
                ::facet::StructType::builder()
                    .repr(::facet::Repr::default())
                    .kind(::facet::StructKind::Struct)
                    .fields(fields)
                    .build(),
            )))
            .build()
    };
}
