---
source: facet-macros-emit/tests/codegen/mod.rs
expression: "expand(r#\"\n        #[derive(Facet)]\n        #[facet(type_tag = \"rs.facet.EnumWithAttributes\", myns::name = \"MyCoolEnum\")]\n        #[repr(u16)]\n        enum EnumWithAttributes {\n            #[facet(myns::name = \"FirstVariant\", myns::discriminant = 10)]\n            VariantA,\n\n            #[facet(skip)]\n            InternalVariant(i32),\n\n            #[facet(myns::deprecated = \"Use VariantD instead\")]\n            VariantC {\n                #[facet(sensitive)]\n                secret: String\n            },\n\n            VariantD {\n                 #[facet(default = forty_two())]\n                 value: i32\n            },\n        }\n        \"#)"
---
static ENUM_WITH_ATTRIBUTES_SHAPE: &'static ::facet::Shape =
    <EnumWithAttributes as ::facet::Facet>::SHAPE;
#[automatically_derived]
#[allow(non_camel_case_types)]
unsafe impl<'__facet> ::facet::Facet<'__facet> for EnumWithAttributes {
    const SHAPE: &'static ::facet::Shape = &const {
        #[repr(C)]
        #[allow(non_snake_case, dead_code)]
        struct __Shadow_RustRepr_Tuple_for_EnumWithAttributes_InternalVariant<'__facet> {
            _discriminant: u16,
            _phantom: ::core::marker::PhantomData<(*mut &'__facet ())>,
            _0: i32,
        }
        #[repr(C)]
        #[allow(non_snake_case, dead_code)]
        struct __Shadow_RustRepr_Struct_for_EnumWithAttributes_VariantC<'__facet> {
            _discriminant: u16,
            _phantom: ::core::marker::PhantomData<(*mut &'__facet ())>,
            secret: String,
        }
        #[repr(C)]
        #[allow(non_snake_case, dead_code)]
        struct __Shadow_RustRepr_Struct_for_EnumWithAttributes_VariantD<'__facet> {
            _discriminant: u16,
            _phantom: ::core::marker::PhantomData<(*mut &'__facet ())>,
            value: i32,
        }
        let __facet_variants: &'static [::facet::Variant] = &const {
            [
                ::facet::Variant::builder()
                    .name("VariantA")
                    .attributes(&[
                        ::facet::VariantAttribute::Extension({
                            #[allow(non_camel_case_types)]
                            struct name {
                                _private: (),
                            }
                            {
                                #[allow(unused_imports)]
                                use myns::attrs::*;
                                __check_attr::<name>();
                            }
                            fn __ext_get() -> ::facet::AnyStaticRef {
                                myns::attrs::name(&[
                                    ::facet::Token::Punct {
                                        ch: '=',
                                        joint: false,
                                        span: ::facet::TokenSpan::DUMMY,
                                    },
                                    ::facet::Token::Literal {
                                        kind: ::facet::LiteralKind::String,
                                        text: "\"FirstVariant\"",
                                        span: ::facet::TokenSpan::DUMMY,
                                    },
                                ])
                            }
                            ::facet::ExtensionAttr {
                                ns: "myns",
                                key: "name",
                                get: __ext_get,
                            }
                        }),
                        ::facet::VariantAttribute::Extension({
                            #[allow(non_camel_case_types)]
                            struct discriminant {
                                _private: (),
                            }
                            {
                                #[allow(unused_imports)]
                                use myns::attrs::*;
                                __check_attr::<discriminant>();
                            }
                            fn __ext_get() -> ::facet::AnyStaticRef {
                                myns::attrs::discriminant(&[
                                    ::facet::Token::Punct {
                                        ch: '=',
                                        joint: false,
                                        span: ::facet::TokenSpan::DUMMY,
                                    },
                                    ::facet::Token::Literal {
                                        kind: ::facet::LiteralKind::Integer,
                                        text: "10",
                                        span: ::facet::TokenSpan::DUMMY,
                                    },
                                ])
                            }
                            ::facet::ExtensionAttr {
                                ns: "myns",
                                key: "discriminant",
                                get: __ext_get,
                            }
                        }),
                    ])
                    .discriminant(0i64 as i64)
                    .data(
                        ::facet::StructType::builder()
                            .repr(::facet::Repr::c())
                            .unit()
                            .build(),
                    )
                    .build(),
                {
                    let fields: &'static [::facet::Field] = &const {
                        [{
                            :: facet :: Field :: builder () . name ("0") . shape (|| :: facet :: shape_of (& | s : & __Shadow_RustRepr_Tuple_for_EnumWithAttributes_InternalVariant < '__facet > | & s . _0)) . offset (:: core :: mem :: offset_of ! (__Shadow_RustRepr_Tuple_for_EnumWithAttributes_InternalVariant < '__facet > , _0)) . build ()
                        }]
                    };
                    ::facet::Variant::builder()
                        .name("InternalVariant")
                        .discriminant(1i64 as i64)
                        .data(
                            ::facet::StructType::builder()
                                .repr(::facet::Repr::c())
                                .tuple()
                                .fields(fields)
                                .build(),
                        )
                        .build()
                },
                {
                    let fields: &'static [::facet::Field] = &const {
                        [{
                            :: facet :: Field :: builder () . name ("secret") . shape (|| :: facet :: shape_of (& | s : & __Shadow_RustRepr_Struct_for_EnumWithAttributes_VariantC < '__facet > | & s . secret)) . offset (:: core :: mem :: offset_of ! (__Shadow_RustRepr_Struct_for_EnumWithAttributes_VariantC < '__facet > , secret)) . flags (:: facet :: FieldFlags :: SENSITIVE) . build ()
                        }]
                    };
                    ::facet::Variant::builder()
                        .name("VariantC")
                        .attributes(&[::facet::VariantAttribute::Extension({
                            #[allow(non_camel_case_types)]
                            struct deprecated {
                                _private: (),
                            }
                            {
                                #[allow(unused_imports)]
                                use myns::attrs::*;
                                __check_attr::<deprecated>();
                            }
                            fn __ext_get() -> ::facet::AnyStaticRef {
                                myns::attrs::deprecated(&[
                                    ::facet::Token::Punct {
                                        ch: '=',
                                        joint: false,
                                        span: ::facet::TokenSpan::DUMMY,
                                    },
                                    ::facet::Token::Literal {
                                        kind: ::facet::LiteralKind::String,
                                        text: "\"Use VariantD instead\"",
                                        span: ::facet::TokenSpan::DUMMY,
                                    },
                                ])
                            }
                            ::facet::ExtensionAttr {
                                ns: "myns",
                                key: "deprecated",
                                get: __ext_get,
                            }
                        })])
                        .discriminant(2i64 as i64)
                        .data(
                            ::facet::StructType::builder()
                                .repr(::facet::Repr::c())
                                .struct_()
                                .fields(fields)
                                .build(),
                        )
                        .build()
                },
                {
                    let fields: &'static [::facet::Field] = &const {
                        [{
                            :: facet :: Field :: builder () . name ("value") . shape (|| :: facet :: shape_of (& | s : & __Shadow_RustRepr_Struct_for_EnumWithAttributes_VariantD < '__facet > | & s . value)) . offset (:: core :: mem :: offset_of ! (__Shadow_RustRepr_Struct_for_EnumWithAttributes_VariantD < '__facet > , value)) . flags (:: facet :: FieldFlags :: DEFAULT) . vtable (& const { :: facet :: FieldVTable :: builder () . default_fn (| ptr | { unsafe { ptr . put :: < i32 > (forty_two ()) } }) . build () }) . build ()
                        }]
                    };
                    ::facet::Variant::builder()
                        .name("VariantD")
                        .discriminant(3i64 as i64)
                        .data(
                            ::facet::StructType::builder()
                                .repr(::facet::Repr::c())
                                .struct_()
                                .fields(fields)
                                .build(),
                        )
                        .build()
                },
            ]
        };
        ::facet::Shape::builder_for_sized::<Self>()
            .vtable({
                ::facet::value_vtable!(Self, |f, _opts| ::core::fmt::Write::write_str(
                    f,
                    "EnumWithAttributes"
                ))
            })
            .type_identifier("EnumWithAttributes")
            .ty(::facet::Type::User(::facet::UserType::Enum(
                ::facet::EnumType::builder()
                    .variants(__facet_variants)
                    .repr(::facet::Repr::default())
                    .enum_repr(::facet::EnumRepr::U16)
                    .build(),
            )))
            .attributes(
                &const {
                    [::facet::ShapeAttribute::Extension({
                        #[allow(non_camel_case_types)]
                        struct name {
                            _private: (),
                        }
                        {
                            #[allow(unused_imports)]
                            use myns::attrs::*;
                            __check_attr::<name>();
                        }
                        fn __ext_get() -> ::facet::AnyStaticRef {
                            myns::attrs::name(&[
                                ::facet::Token::Punct {
                                    ch: '=',
                                    joint: false,
                                    span: ::facet::TokenSpan::DUMMY,
                                },
                                ::facet::Token::Literal {
                                    kind: ::facet::LiteralKind::String,
                                    text: "\"MyCoolEnum\"",
                                    span: ::facet::TokenSpan::DUMMY,
                                },
                            ])
                        }
                        ::facet::ExtensionAttr {
                            ns: "myns",
                            key: "name",
                            get: __ext_get,
                        }
                    })]
                },
            )
            .type_tag("rs.facet.EnumWithAttributes")
            .build()
    };
}
