---
source: facet-args/tests/ariadne.rs
expression: ariadne_output
---
[args::unexpected_positional] Error: unexpected positional argument
   ╭─[ <unknown>:1:1 ]
   │
 1 │ unexpected --name value
   │ ─────┬────  
   │      ╰────── unexpected positional argument
   │ 
   │ Help: available options:
   │             --name
───╯
