---
source: facet-args/tests/ariadne.rs
expression: ariadne_output
---
[args::missing_argument] Error: missing required argument `--required-field`
   ╭─[ <unknown>:1:1 ]
   │
 1 │ 
   │ │ 
   │ ╰─ missing required argument `--required-field`
   │ 
   │ Help: provide a value with `--required-field <String>`
───╯
