---
source: crates/dibs-qgen/src/sqlgen/upsert_many.rs
assertion_line: 324
expression: result.sql
---
INSERT INTO "products" ("handle", "status") SELECT handle, status FROM UNNEST($1::text[], $2::text[]) AS t(handle, status) ON CONFLICT ("handle") DO UPDATE SET "status" = EXCLUDED."status" RETURNING "id", "handle", "status"
