---
source: facet-path/tests/pretty_formatting.rs
expression: formatted
---
  × error at index
   ╭─[Item:3:9]
 2 │ struct Item {
 3 │     id: u32,
   ·         ─┬─
   ·          ╰── error here
 4 │ }
   ╰────
  help: check your data

Error: 
  × in type
   ╭─[Container:3:12]
 2 │ struct Container {
 3 │     items: Vec<Item>,
   ·            ────┬────
   ·                ╰── via this field
 4 │ }
   ╰────
