---
source: facet-path/tests/pretty_formatting.rs
expression: formatted
---
  × type not supported
   ╭─[Inner:3:12]
 2 │ struct Inner {
 3 │     value: i32,
   ·            ─┬─
   ·             ╰── error here
 4 │ }
   ╰────

Error: 
  × in type
   ╭─[Outer:4:12]
 3 │     label: String,
 4 │     inner: Inner,
   ·            ──┬──
   ·              ╰── via this field
 5 │ }
   ╰────
