---
source: facet-path/tests/pretty_formatting.rs
expression: formatted
---
  × variant field error
   ╭─[Message.rs:3:6]
 2 │ #[repr(u32)]
 3 │ enum Message {
   ·      ───────
 4 │     Simple,
 5 │     WithData {
 6 │         value: u32,
 7 │         name: String,
   ·         ──┬─
   ·           ╰── as requested here
 8 │     },
   ╰────
