---
source: facet-args/tests/err.rs
expression: "$crate :: common :: DiagnosticDisplayWrapper(& err).to_string()"
---
args::unexpected_positional

  × Could not parse CLI arguments
   ╭────
 1 │ --enable maybe 
   ·          ──┬──
   ·            ╰── unexpected positional argument
   ╰────
  help: available options:
              --enable
