---
source: facet-args/tests/err.rs
expression: "$crate :: common :: DiagnosticDisplayWrapper(& err).to_string()"
---
args::expected_value

  × Could not parse CLI arguments
   ╭────
 1 │ --concurrency 
   · ──────┬──────
   ·       ╰── expected `usize` value
   ╰────
  help: provide a value after the flag
