---
source: facet-args/tests/err.rs
expression: "$crate :: common :: DiagnosticDisplayWrapper(& err).to_string()"
---
args::reflect_error

  × Could not parse CLI arguments
   ╭────
 1 │ --maybe value1 value2 
   ·         ───┬──
   ·            ╰── `String` cannot be parsed from a string value
   ╰────
