---
source: facet-json-schema/src/lib.rs
expression: schema
---
{
  "$schema": null,
  "$ref": null,
  "$defs": null,
  "type": null,
  "properties": null,
  "required": null,
  "additionalProperties": null,
  "items": null,
  "enum": null,
  "minimum": null,
  "maximum": null,
  "oneOf": [
    {
      "$schema": null,
      "$ref": null,
      "$defs": null,
      "type": "object",
      "properties": {
        "text_message": {
          "$schema": null,
          "$ref": null,
          "$defs": null,
          "type": "object",
          "properties": {
            "content": {
              "$schema": null,
              "$ref": null,
              "$defs": null,
              "type": "string",
              "properties": null,
              "required": null,
              "additionalProperties": null,
              "items": null,
              "enum": null,
              "minimum": null,
              "maximum": null,
              "oneOf": null,
              "anyOf": null,
              "allOf": null,
              "description": null,
              "title": null,
              "const": null
            }
          },
          "required": [
            "content"
          ],
          "additionalProperties": false,
          "items": null,
          "enum": null,
          "minimum": null,
          "maximum": null,
          "oneOf": null,
          "anyOf": null,
          "allOf": null,
          "description": null,
          "title": "Message",
          "const": null
        }
      },
      "required": [
        "text_message"
      ],
      "additionalProperties": false,
      "items": null,
      "enum": null,
      "minimum": null,
      "maximum": null,
      "oneOf": null,
      "anyOf": null,
      "allOf": null,
      "description": null,
      "title": null,
      "const": null
    },
    {
      "$schema": null,
      "$ref": null,
      "$defs": null,
      "type": "object",
      "properties": {
        "image_upload": {
          "$schema": null,
          "$ref": null,
          "$defs": null,
          "type": "object",
          "properties": {
            "url": {
              "$schema": null,
              "$ref": null,
              "$defs": null,
              "type": "string",
              "properties": null,
              "required": null,
              "additionalProperties": null,
              "items": null,
              "enum": null,
              "minimum": null,
              "maximum": null,
              "oneOf": null,
              "anyOf": null,
              "allOf": null,
              "description": null,
              "title": null,
              "const": null
            },
            "width": {
              "$schema": null,
              "$ref": null,
              "$defs": null,
              "type": "integer",
              "properties": null,
              "required": null,
              "additionalProperties": null,
              "items": null,
              "enum": null,
              "minimum": "0",
              "maximum": "4294967295",
              "oneOf": null,
              "anyOf": null,
              "allOf": null,
              "description": null,
              "title": null,
              "const": null
            }
          },
          "required": [
            "url",
            "width"
          ],
          "additionalProperties": false,
          "items": null,
          "enum": null,
          "minimum": null,
          "maximum": null,
          "oneOf": null,
          "anyOf": null,
          "allOf": null,
          "description": null,
          "title": "Message",
          "const": null
        }
      },
      "required": [
        "image_upload"
      ],
      "additionalProperties": false,
      "items": null,
      "enum": null,
      "minimum": null,
      "maximum": null,
      "oneOf": null,
      "anyOf": null,
      "allOf": null,
      "description": null,
      "title": null,
      "const": null
    }
  ],
  "anyOf": null,
  "allOf": null,
  "description": null,
  "title": "Message",
  "const": null
}
