---
source: facet-reflect/tests/partial/pointer.rs
expression: _err
---
Value 'Arc<str>' was not initialized. If you need to leave values partially initialized and come back later, use deferred mode (begin_deferred/finish_deferred) at Path { shape: Shape { type_identifier: "Arc", type_params: «(T: str)», ty: User(Opaque), layout: Sized(«16 align 8»), def: SmartPointer<str>, .. }, steps: [] }
