---
source: facet-reflect/tests/partial/pointer.rs
assertion_line: 248
expression: "Partial::alloc::<Box<u32>>()?.build().unwrap_err()"
---
Value 'Box<u32>' was not initialized. If you need to leave values partially initialized and come back later, use deferred mode (begin_deferred/finish_deferred)
