---
source: facet-reflect/tests/partial/misc.rs
assertion_line: 842
expression: "partial.set_field(\"foo\", 42_u64)?.build().unwrap_err()"
---
Field 'FooBar::bar' was not initialized. If you need to leave fields partially initialized and come back later, use deferred mode (begin_deferred/finish_deferred) at <root>
