---
source: facet-reflect/tests/partial/misc.rs
assertion_line: 829
expression: "Partial::alloc::<FooBar>()?.build().unwrap_err()"
---
Field 'FooBar::foo' was not initialized. If you need to leave fields partially initialized and come back later, use deferred mode (begin_deferred/finish_deferred) at <root>
