---
source: facet-reflect/tests/partial/misc.rs
expression: err
---
Invariant violation: Partial::end() called with only one frame on the stack at Path { shape: Shape { type_identifier: "u32", ty: Primitive(Numeric(Integer { signed: false })), layout: Sized(«4 align 4»), def: Scalar, .. }, steps: [] }
