---
source: facet-reflect/tests/partial/pointer.rs
expression: "Partial::alloc::<Box<u32>>()?.build().unwrap_err()"
---
Value 'Box<u32>' was not initialized. If you need to leave values partially initialized and come back later, use deferred mode (begin_deferred/finish_deferred) at Path { shape: Shape { type_identifier: "Box", type_params: «(T: u32)», inner: Shape { type_identifier: "u32", ty: Primitive(Numeric(Integer { signed: false })), layout: Sized(«4 align 4»), def: Scalar, .. }, ty: User(Opaque), layout: Sized(«8 align 8»), def: SmartPointer<u32>, .. }, steps: [] }
