---
source: facet-reflect/tests/partial/option_building.rs
assertion_line: 204
expression: "Partial::alloc::<Option<f64>>()?.build().unwrap_err()"
---
Value 'Option' was not initialized. If you need to leave values partially initialized and come back later, use deferred mode (begin_deferred/finish_deferred) at <root>
