---
source: facet-reflect/tests/partial/pointer.rs
assertion_line: 330
expression: "Partial::alloc::<Arc<u32>>()?.build().unwrap_err()"
---
Value 'Arc<u32>' was not initialized. If you need to leave values partially initialized and come back later, use deferred mode (begin_deferred/finish_deferred) at <root>
