---
source: facet-postcard/tests/pretty_error_messages.rs
expression: err_msg
---
  × Unsupported scalar type: ConstTypeId
   ╭─[Config:4:17]
 3 │     name: String,
 4 │     debug_type: Option<ConstTypeId>,
   ·                 ─────────┬─────────
   ·                          ╰── error here
 5 │ }
   ╰────
