---
source: facet-postcard/tests/pretty_error_messages.rs
assertion_line: 83
expression: err_msg
---
  × Unsupported scalar type: ConstTypeId
   ╭─[Item:2:1]
 1 │ #[derive(Facet)]
 2 │ struct Item {
   · ▲
 3 │     id: u32,
 4 │     type_info: ConstTypeId,
   ·                ─────┬─────
   ·                     ╰── error here
 5 │ }
   ╰────

Error: 
  × in type
   ╭─[Container:2:1]
 1 │ #[derive(Facet)]
 2 │ struct Container {
   · ▲
 3 │     items: Vec<Item>,
   ·            ────┬────
   ·                ╰── via this field
 4 │ }
   ╰────
